<html>
<body>
<pre>
<h1>µVision Build Log</h1>
<h2>Tool Versions:</h2>
IDE-Version: µVision V5.31.0.0
Copyright (C) 2020 ARM Ltd and ARM Germany GmbH. All rights reserved.
License Information: Abdelrahman Rashdan, AUC, LIC=----
 
Tool Versions:
Toolchain:       MDK-Lite  Version: 5.31.0.0
Toolchain Path:  D:\Uni\Fall 2020\CSCE 4302\MDK\ARM\ARMCC\Bin
C Compiler:      Armcc.exe V5.06 update 6 (build 750)
Assembler:       Armasm.exe V5.06 update 6 (build 750)
Linker/Locator:  ArmLink.exe V5.06 update 6 (build 750)
Library Manager: ArmAr.exe V5.06 update 6 (build 750)
Hex Converter:   FromElf.exe V5.06 update 6 (build 750)
CPU DLL:         SARMCM3.DLL V5.31.0.0
Dialog DLL:      DCM.DLL V1.17.3.0
Target DLL:      STLink\ST-LINKIII-KEIL_SWO.dll V3.0.7.0
Dialog DLL:      TCM.DLL V1.46.0.0
 
<h2>Project:</h2>
D:\Uni\Fall 2020\CSCE 4301\Project 2\Project2\MDK-ARM\Project2.uvprojx
Project File Date:  11/27/2020

<h2>Output:</h2>
*** Using Compiler 'V5.06 update 6 (build 750)', folder: 'D:\Uni\Fall 2020\CSCE 4302\MDK\ARM\ARMCC\Bin'
Rebuild target 'Project2'
assembling startup_stm32f303x8.s...
compiling stm32f3xx_it.c...
compiling stm32f3xx_hal.c...
compiling main.c...
../Core/Src/main.c(131): warning:  #128-D: loop is not reachable
    while (1)
../Core/Src/main.c: 1 warning, 0 errors
compiling stm32f3xx_hal_i2c_ex.c...
compiling stm32f3xx_hal_msp.c...
compiling stm32f3xx_hal_rcc.c...
compiling stm32f3xx_hal_i2c.c...
compiling stm32f3xx_hal_rcc_ex.c...
compiling stm32f3xx_hal_gpio.c...
compiling stm32f3xx_hal_cortex.c...
compiling stm32f3xx_hal_flash.c...
compiling stm32f3xx_hal_pwr.c...
compiling stm32f3xx_hal_dma.c...
compiling stm32f3xx_hal_pwr_ex.c...
compiling stm32f3xx_hal_tim.c...
compiling stm32f3xx_hal_uart_ex.c...
compiling stm32f3xx_hal_tim_ex.c...
compiling system_stm32f3xx.c...
compiling stm32f3xx_hal_exti.c...
compiling stm32f3xx_hal_flash_ex.c...
compiling stm32f3xx_hal_uart.c...
linking...
Program Size: Code=7500 RO-data=480 RW-data=16 ZI-data=1232  
FromELF: creating hex file...
"Project2\Project2.axf" - 0 Error(s), 1 Warning(s).

<h2>Software Packages used:</h2>

Package Vendor: ARM
                http://www.keil.com/pack/ARM.CMSIS.5.7.0.pack
                ARM.CMSIS.5.7.0
                CMSIS (Cortex Microcontroller Software Interface Standard)
   * Component: CORE Version: 5.4.0

Package Vendor: Keil
                http://www.keil.com/pack/Keil.STM32F3xx_DFP.2.1.0.pack
                Keil.STM32F3xx_DFP.2.1.0
                STMicroelectronics STM32F3 Series Device Support and Examples

<h2>Collection of Component include folders:</h2>
  .\RTE\_Project2
  C:\Users\hasho\AppData\Local\Arm\Packs\ARM\CMSIS\5.7.0\CMSIS\Core\Include
  C:\Users\hasho\AppData\Local\Arm\Packs\Keil\STM32F3xx_DFP\2.1.0\Drivers\CMSIS\Device\ST\STM32F3xx\Include

<h2>Collection of Component Files used:</h2>

   * Component: ARM::CMSIS:CORE:5.4.0
Build Time Elapsed:  00:00:12
</pre>
</body>
</html>
